Microchip MPLAB XC8 Compiler V2.32

Linker command line:

-W-3 --edf=C:\Program Files\Microchip\xc8\v2.32\pic\dat\en_msgs.txt -cn \
  -h+dist/default/production\master.X.production.sym \
  --cmf=dist/default/production\master.X.production.cmf -z -Q16F887 \
  -oC:\Users\max\AppData\Local\Temp\xcAs9k4.4 --defsym=__MPLAB_BUILD=1 \
  -Mdist/default/production/master.X.production.map -E1 -ver=XC8 Compiler \
  --acfsm=1493 -ASTACK=0110h-016Fh -pstack=STACK -ACODE=00h-07FFhx4 \
  -ASTRCODE=00h-01FFFh -ASTRING=00h-0FFhx32 -ACONST=00h-0FFhx32 \
  -AENTRY=00h-0FFhx32 -ACOMMON=070h-07Fh -ABANK0=020h-06Fh \
  -ABANK1=0A0h-0EFh -ABANK2=0110h-016Fh -ABANK3=0190h-01EFh \
  -ARAM=020h-06Fh,0A0h-0EFh,0110h-016Fh,0190h-01EFh \
  -AABS1=020h-07Fh,0A0h-0EFh,0110h-016Fh,0190h-01EFh -ASFR0=00h-01Fh \
  -ASFR1=080h-09Fh -ASFR2=0100h-010Fh -ASFR3=0180h-018Fh \
  -ACONFIG=02007h-02008h -DCONFIG=2 -AIDLOC=02000h-02003h -DIDLOC=2 \
  -AEEDATA=00h-0FFh/02100h -peeprom_data=EEDATA -DEEDATA=2 -DCODE=2 \
  -DSTRCODE=2 -DSTRING=2 -DCONST=2 -DENTRY=2 \
  -preset_vec=00h,intentry=04h,init,end_init -ppowerup=CODE -pcinit=CODE \
  -pfunctab=ENTRY -k C:\Users\max\AppData\Local\Temp\xcAs9k4.o \
  dist/default/production\master.X.production.o 

Object code version is 3.11

Machine type is 16F887



                Name                               Link     Load   Length Selector   Space Scale
C:\Users\max\AppData\Local\Temp\xcAs9k4.o
                end_init                              C        C        3        8       0
                reset_vec                             0        0        3        0       0
                config                             2007     2007        2        0       4
dist/default/production\master.X.production.o
                cinit                                 F        F       12        8       0
                intentry                              4        4        8        8       0
                config                             2007     2007        2        0       4
                text37                             15C9     15C9        D     2B92       0
                text36                             1586     1586        9     2B0C       0
                text35                             158F     158F        9     2B1E       0
                text34                             15A1     15A1        A     2B42       0
                text33                             1799     1799       2D     2F32       0
                text32                             165C     165C       23     2CB8       0
                text31                             15D6     15D6        D     2BAC       0
                text30                             1598     1598        9     2B30       0
                text29                             15AB     15AB        A     2B56       0
                text28                             15B5     15B5        A     2B6A       0
                text27                             16F2     16F2       29     2DE4       0
                text26                             15BF     15BF        A     2B7E       0
                text25                             1626     1626       1A     2C4C       0
                text24                              98E      98E       69     131C       0
                text23                              802      802       5B     1004       0
                text22                             16CB     16CB       27     2D96       0
                text21                             15F0     15F0        E     2BE0       0
                text20                             15FE     15FE       12     2BFC       0
                text19                              9F7      9F7       B6     13EE       0
                text18                              D78      D78      288     1AF0       0
                text17                              580      580      1DD        8       0
                text16                             171B     171B       29     2E36       0
                text15                               21       21      55F        8       0
                text14                              75D      75D       9C        8       0
                text13                              AAD      AAD       BC     155A       0
                text12                             1610     1610       16     2C20       0
                text11                             167F     167F       26     2CFE       0
                text10                             16A5     16A5       26     2D4A       0
                text9                               C4C      C4C      12C     1898       0
                text8                              15E3     15E3        D     2BC6       0
                text7                               926      926       68     124C       0
                text6                              17C6     17C6       3A     2F8C       0
                text5                               B69      B69       E3     16D2       0
                text4                               8C0      8C0       66     1180       0
                text3                              176D     176D       2C     2EDA       0
                text2                              1640     1640       1C     2C80       0
                text1                              1744     1744       29     2E88       0
                maintext                            85D      85D       63     10BA       0
                cstackBANK0                          20       20       4F       20       1
                cstackCOMMON                         70       70        9       70       1
                cstackBANK1                          A0       A0       1D       A0       1
                dataCOMMON                           7B       7B        2       70       1
                bssCOMMON                            79       79        2       70       1
                strings                            1000     1000       33     2000       0
                idataCOMMON                         7F9      7F9        2        8       0

TOTAL           Name                               Link     Load   Length     Space
        CLASS   STACK          

        CLASS   CODE           
                end_init                              C        C        3         0
                cinit                                 F        F       12         0
                intentry                              4        4        8         0
                reset_vec                             0        0        3         0
                text37                             15C9     15C9        D         0
                text36                             1586     1586        9         0
                text35                             158F     158F        9         0
                text34                             15A1     15A1        A         0
                text33                             1799     1799       2D         0
                text32                             165C     165C       23         0
                text31                             15D6     15D6        D         0
                text30                             1598     1598        9         0
                text29                             15AB     15AB        A         0
                text28                             15B5     15B5        A         0
                text27                             16F2     16F2       29         0
                text26                             15BF     15BF        A         0
                text25                             1626     1626       1A         0
                text24                              98E      98E       69         0
                text23                              802      802       5B         0
                text22                             16CB     16CB       27         0
                text21                             15F0     15F0        E         0
                text20                             15FE     15FE       12         0
                text19                              9F7      9F7       B6         0
                text18                              D78      D78      288         0
                text17                              580      580      1DD         0
                text16                             171B     171B       29         0
                text15                               21       21      55F         0
                text14                              75D      75D       9C         0
                text13                              AAD      AAD       BC         0
                text12                             1610     1610       16         0
                text11                             167F     167F       26         0
                text10                             16A5     16A5       26         0
                text9                               C4C      C4C      12C         0
                text8                              15E3     15E3        D         0
                text7                               926      926       68         0
                text6                              17C6     17C6       3A         0
                text5                               B69      B69       E3         0
                text4                               8C0      8C0       66         0
                text3                              176D     176D       2C         0
                text2                              1640     1640       1C         0
                text1                              1744     1744       29         0
                maintext                            85D      85D       63         0
                idataCOMMON                         7F9      7F9        2         0

        CLASS   STRCODE        

        CLASS   STRING         
                strings                            1000     1000       33         0

        CLASS   CONST          

        CLASS   ENTRY          

        CLASS   COMMON         
                cstackCOMMON                         70       70        9         1
                dataCOMMON                           7B       7B        2         1
                bssCOMMON                            79       79        2         1

        CLASS   BANK0          
                cstackBANK0                          20       20       4F         1

        CLASS   BANK1          
                cstackBANK1                          A0       A0       1D         1

        CLASS   BANK2          

        CLASS   BANK3          

        CLASS   RAM            

        CLASS   ABS1           
                abs_s1                               7E       7E        2         1

        CLASS   SFR0           

        CLASS   SFR1           

        CLASS   SFR2           

        CLASS   SFR3           

        CLASS   CONFIG         
                config                             2007     2007        2         4

        CLASS   IDLOC          

        CLASS   EEDATA         



SEGMENTS        Name                           Load    Length   Top    Selector   Space  Class     Delta

                reset_vec                      000000  000003  000003         0       0  CODE        2
                intentry                       000004  0007F7  0007FB         8       0  CODE        2
                cstackBANK0                    000020  00004F  00006F        20       1  BANK0       1
                cstackCOMMON                   000070  00000D  00007D        70       1  COMMON      1
                cstackBANK1                    0000A0  00001D  0000BD        A0       1  BANK1       1
                text23                         000802  00005B  00085D      1004       0  CODE        2
                maintext                       00085D  000063  0008C0      10BA       0  CODE        2
                text4                          0008C0  000066  000926      1180       0  CODE        2
                text7                          000926  000068  00098E      124C       0  CODE        2
                text24                         00098E  000069  0009F7      131C       0  CODE        2
                text19                         0009F7  0000B6  000AAD      13EE       0  CODE        2
                text13                         000AAD  0000BC  000B69      155A       0  CODE        2
                text5                          000B69  0000E3  000C4C      16D2       0  CODE        2
                text9                          000C4C  00012C  000D78      1898       0  CODE        2
                text18                         000D78  000288  001000      1AF0       0  CODE        2
                strings                        001000  000033  001033      2000       0  STRING      2
                text36                         001586  000009  00158F      2B0C       0  CODE        2
                text35                         00158F  000009  001598      2B1E       0  CODE        2
                text30                         001598  000009  0015A1      2B30       0  CODE        2
                text34                         0015A1  00000A  0015AB      2B42       0  CODE        2
                text29                         0015AB  00000A  0015B5      2B56       0  CODE        2
                text28                         0015B5  00000A  0015BF      2B6A       0  CODE        2
                text26                         0015BF  00000A  0015C9      2B7E       0  CODE        2
                text37                         0015C9  00000D  0015D6      2B92       0  CODE        2
                text31                         0015D6  00000D  0015E3      2BAC       0  CODE        2
                text8                          0015E3  00000D  0015F0      2BC6       0  CODE        2
                text21                         0015F0  00000E  0015FE      2BE0       0  CODE        2
                text20                         0015FE  000012  001610      2BFC       0  CODE        2
                text12                         001610  000016  001626      2C20       0  CODE        2
                text25                         001626  00001A  001640      2C4C       0  CODE        2
                text2                          001640  00001C  00165C      2C80       0  CODE        2
                text32                         00165C  000023  00167F      2CB8       0  CODE        2
                text11                         00167F  000026  0016A5      2CFE       0  CODE        2
                text10                         0016A5  000026  0016CB      2D4A       0  CODE        2
                text22                         0016CB  000027  0016F2      2D96       0  CODE        2
                text27                         0016F2  000029  00171B      2DE4       0  CODE        2
                text16                         00171B  000029  001744      2E36       0  CODE        2
                text1                          001744  000029  00176D      2E88       0  CODE        2
                text3                          00176D  00002C  001799      2EDA       0  CODE        2
                text33                         001799  00002D  0017C6      2F32       0  CODE        2
                text6                          0017C6  00003A  001800      2F8C       0  CODE        2


UNUSED ADDRESS RANGES

        Name                Unused          Largest block    Delta
        BANK0            006F-006F              1           1
        BANK1            00BD-00EF             33           1
        BANK2            0110-016F             60           1
        BANK3            0190-01EF             60           1
        CODE             0003-0003              1           2
                         07FB-0801              5
                         1033-1585            553
                         1800-1FFF            800
        COMMON           007D-007D              1           1
        CONST            0003-0003              1           2
                         07FB-0801              5
                         1033-1585            100
                         1800-1FFF            100
        EEDATA           2100-21FF            100           2
        ENTRY            0003-0003              1           2
                         07FB-0801              5
                         1033-1585            100
                         1800-1FFF            100
        IDLOC            2000-2003              4           2
        RAM              006F-006F              1           1
                         00BD-00EF             33
                         0110-016F             60
                         0190-01EF             60
        SFR0             0000-001F             20           1
        SFR1             0080-009F             20           1
        SFR2             0100-010F             10           1
        SFR3             0180-018F             10           1
        STACK            0110-016F             60           1
        STRCODE          0003-0003              1           2
                         07FB-0801              7
                         1033-1585            553
                         1800-1FFF            800
        STRING           0003-0003              1           2
                         07FB-0801              5
                         1033-1585            100
                         1800-1FFF            100

                                  Symbol Table

?__Umul8_16                   cstackBANK0  0020
?___awdiv                     cstackBANK0  0027
?___awmod                     cstackBANK0  0020
?___fladd                     cstackBANK0  0048
?___fldiv                     cstackBANK0  002E
?___flmul                     cstackBANK0  005C
?___fltol                     cstackBANK0  0069
?___lldiv                     cstackBANK0  0020
?___wmul                      cstackBANK0  0020
?___xxtofl                    cstackBANK0  0020
BAUDSelect@freq               cstackBANK0  0022
I2C_Master_Init@c             cstackBANK0  002E
I2C_Master_Write@d            cstackBANK0  0020
I2C_Read@ACK_NACK             cstackBANK0  0021
I2C_Read@Data                 cstackBANK0  0022
I2C_Start@add                 cstackBANK0  0024
I2C_Write@address             cstackCOMMON 0075
I2C_Write@data                cstackCOMMON 0072
MPU6050_Read@T                cstackBANK1  00B6
MPU6050_Read@t                cstackBANK1  00B8
Temp_Conversion@_temp         cstackBANK0  0030
Temp_Conversion@_temp_tens    cstackBANK0  0034
Temp_Conversion@_temp_tenths  cstackBANK0  003E
Temp_Conversion@_temp_units   cstackBANK0  0036
Temp_Conversion@_write_tens   cstackBANK0  003C
Temp_Conversion@_write_tenths cstackBANK0  0038
Temp_Conversion@_write_units  cstackBANK0  003A
_ACKDT                        (abs)        048D
_ACKEN                        (abs)        048C
_ANSEL                        (abs)        0188
_ANSELH                       (abs)        0189
_BAUDCTLbits                  (abs)        0187
_BAUDSelect                   text3        176D
_BF                           (abs)        04A0
_GIE                          (abs)        005F
_I2C_ACK                      text29       15AB
_I2C_Master_Init              text6        17C6
_I2C_Master_Start             text36       1586
_I2C_Master_Stop              text30       1598
_I2C_Master_Wait              text31       15D6
_I2C_Master_Write             text26       15BF
_I2C_NACK                     text28       15B5
_I2C_Read                     text27       16F2
_I2C_Start                    text25       1626
_I2C_Write                    text33       1799
_INTCONbits                   (abs)        000B
_MPU6050_Init                 text5        0B69
_MPU6050_Read                 text9        0C4C
_OSCCONbits                   (abs)        008F
_PEIE                         (abs)        005E
_PIE1bits                     (abs)        008C
_PIR1bits                     (abs)        000C
_PORTA                        (abs)        0005
_PORTBbits                    (abs)        0006
_PORTD                        (abs)        0008
_RCEN                         (abs)        048B
_RCREG                        (abs)        001A
_RCSTAbits                    (abs)        0018
_SEN                          (abs)        0488
_SPBRG                        (abs)        0099
_SPBRGH                       (abs)        009A
_SSPADD                       (abs)        0093
_SSPBUF                       (abs)        0013
_SSPCON                       (abs)        0014
_SSPCON2                      (abs)        0091
_SSPCON2bits                  (abs)        0091
_SSPIE                        (abs)        0463
_SSPIF                        (abs)        0063
_SSPSTAT                      (abs)        0094
_TRISA                        (abs)        0085
_TRISBbits                    (abs)        0086
_TRISC3                       (abs)        043B
_TRISC4                       (abs)        043C
_TRISCbits                    (abs)        0087
_TRISD                        (abs)        0088
_TXREG                        (abs)        0019
_TXSTAbits                    (abs)        0098
_Temp_Conversion              text19       09F7
__Habs1                       abs1         0000
__Hbank0                      bank0        0000
__Hbank1                      bank1        0000
__Hbank2                      bank2        0000
__Hbank3                      bank3        0000
__HbssCOMMON                  bssCOMMON    0000
__Hcinit                      cinit        0021
__Hclrtext                    clrtext      0000
__Hcode                       code         0000
__Hcommon                     common       0000
__Hconfig                     config       2009
__HcstackBANK0                cstackBANK0  0000
__HcstackBANK1                cstackBANK1  0000
__HcstackCOMMON               cstackCOMMON 0000
__HdataCOMMON                 dataCOMMON   0000
__Heeprom_data                eeprom_data  0000
__Hend_init                   end_init     000F
__Hfunctab                    functab      0000
__HidataCOMMON                idataCOMMON  0000
__Hinit                       init         000C
__Hintentry                   intentry     000C
__Hmaintext                   maintext     0000
__Hpowerup                    powerup      0000
__Hram                        ram          0000
__Hreset_vec                  reset_vec    0003
__Hsfr0                       sfr0         0000
__Hsfr1                       sfr1         0000
__Hsfr2                       sfr2         0000
__Hsfr3                       sfr3         0000
__Hspace_0                    (abs)        1800
__Hspace_1                    (abs)        00BD
__Hspace_2                    (abs)        0000
__Hspace_3                    (abs)        0000
__Hspace_4                    (abs)        4010
__Hstack                      stack        0000
__Hstrings                    strings      0000
__Htext                       text         0000
__Labs1                       abs1         0000
__Lbank0                      bank0        0000
__Lbank1                      bank1        0000
__Lbank2                      bank2        0000
__Lbank3                      bank3        0000
__LbssCOMMON                  bssCOMMON    0000
__Lcinit                      cinit        000F
__Lclrtext                    clrtext      0000
__Lcode                       code         0000
__Lcommon                     common       0000
__Lconfig                     config       0000
__LcstackBANK0                cstackBANK0  0000
__LcstackBANK1                cstackBANK1  0000
__LcstackCOMMON               cstackCOMMON 0000
__LdataCOMMON                 dataCOMMON   0000
__Leeprom_data                eeprom_data  0000
__Lend_init                   end_init     000C
__Lfunctab                    functab      0000
__LidataCOMMON                idataCOMMON  0000
__Linit                       init         000C
__Lintentry                   intentry     0004
__Lmaintext                   maintext     0000
__Lpowerup                    powerup      0000
__Lram                        ram          0000
__Lreset_vec                  reset_vec    0000
__Lsfr0                       sfr0         0000
__Lsfr1                       sfr1         0000
__Lsfr2                       sfr2         0000
__Lsfr3                       sfr3         0000
__Lspace_0                    (abs)        0000
__Lspace_1                    (abs)        0000
__Lspace_2                    (abs)        0000
__Lspace_3                    (abs)        0000
__Lspace_4                    (abs)        0000
__Lstack                      stack        0000
__Lstrings                    strings      0000
__Ltext                       text         0000
__S0                          (abs)        1800
__S1                          (abs)        00BD
__S2                          (abs)        0000
__S3                          (abs)        0000
__Umul8_16                    text16       171B
__Umul8_16@multiplicand       cstackBANK0  0020
__Umul8_16@multiplier         cstackBANK0  0028
__Umul8_16@product            cstackBANK0  0024
__Umul8_16@word_mpld          cstackBANK0  0026
___awdiv                      text24       098E
___awdiv@counter              cstackBANK0  002C
___awdiv@dividend             cstackBANK0  0029
___awdiv@divisor              cstackBANK0  0027
___awdiv@quotient             cstackBANK0  002E
___awdiv@sign                 cstackBANK0  002D
___awmod                      text23       0802
___awmod@counter              cstackBANK0  0025
___awmod@dividend             cstackBANK0  0022
___awmod@divisor              cstackBANK0  0020
___awmod@sign                 cstackBANK0  0026
___fladd                      text18       0D78
___fladd@a                    cstackBANK0  004C
___fladd@aexp                 cstackBANK0  0059
___fladd@b                    cstackBANK0  0048
___fladd@bexp                 cstackBANK0  005A
___fladd@grs                  cstackBANK0  005B
___fladd@signs                cstackBANK0  0058
___fldiv                      text17       0580
___fldiv@a                    cstackBANK0  002E
___fldiv@aexp                 cstackBANK0  0047
___fldiv@b                    cstackBANK0  0032
___fldiv@bexp                 cstackBANK0  0046
___fldiv@grs                  cstackBANK0  0042
___fldiv@new_exp              cstackBANK0  0040
___fldiv@rem                  cstackBANK0  003B
___fldiv@sign                 cstackBANK0  003F
___flmul                      text15       0021
___flmul@a                    cstackBANK0  0060
___flmul@aexp                 cstackBANK1  00A5
___flmul@b                    cstackBANK0  005C
___flmul@bexp                 cstackBANK1  00A6
___flmul@grs                  cstackBANK1  00A1
___flmul@prod                 cstackBANK1  00A7
___flmul@sign                 cstackBANK1  00A0
___flmul@temp                 cstackBANK1  00AB
___fltol                      text14       075D
___fltol@exp1                 cstackBANK0  006E
___fltol@f1                   cstackBANK0  0069
___fltol@sign1                cstackBANK0  006D
___int_sp                     stack        0000
___latbits                    (abs)        0002
___lldiv                      text7        0926
___lldiv@counter              cstackBANK0  002D
___lldiv@dividend             cstackBANK0  0024
___lldiv@divisor              cstackBANK0  0020
___lldiv@quotient             cstackBANK0  0029
___sp                         stack        0000
___stackhi                    (abs)        0000
___stacklo                    (abs)        0000
___wmul                       text22       16CB
___wmul@multiplicand          cstackBANK0  0022
___wmul@multiplier            cstackBANK0  0020
___wmul@product               cstackBANK0  0024
___xxtofl                     text13       0AAD
___xxtofl@arg                 cstackBANK0  002A
___xxtofl@exp                 cstackBANK0  0029
___xxtofl@sign                cstackBANK0  0028
___xxtofl@val                 cstackBANK0  0020
__end_of_BAUDSelect           text3        1799
__end_of_I2C_ACK              text29       15B5
__end_of_I2C_Master_Init      text6        1800
__end_of_I2C_Master_Start     text36       158F
__end_of_I2C_Master_Stop      text30       15A1
__end_of_I2C_Master_Wait      text31       15E3
__end_of_I2C_Master_Write     text26       15C9
__end_of_I2C_NACK             text28       15BF
__end_of_I2C_Read             text27       171B
__end_of_I2C_Start            text25       1640
__end_of_I2C_Write            text33       17C6
__end_of_MPU6050_Init         text5        0C4C
__end_of_MPU6050_Read         text9        0D78
__end_of_Temp_Conversion      text19       0AAD
__end_of__Umul8_16            text16       1744
__end_of___awdiv              text24       09F7
__end_of___awmod              text23       085D
__end_of___fladd              text18       1000
__end_of___fldiv              text17       075D
__end_of___flmul              text15       0580
__end_of___fltol              text14       07F9
__end_of___lldiv              text7        098E
__end_of___wmul               text22       16F2
__end_of___xxtofl             text13       0B69
__end_of__initialization      cinit        001D
__end_of__stringtab           strings      1006
__end_of_clearLCD             text8        15F0
__end_of_initLCD              text4        0926
__end_of_initUART             text2        165C
__end_of_isr                  text32       167F
__end_of_main                 maintext     08C0
__end_of_setCmd               text12       1626
__end_of_setCursor            text11       16A5
__end_of_setup                text1        176D
__end_of_txfunc               text21       15FE
__end_of_writeChar            text20       1610
__end_of_writeString          text10       16CB
__end_ofi1_I2C_Master_Stop    text35       1598
__end_ofi1_I2C_Master_Wait    text37       15D6
__end_ofi1_I2C_Master_Write   text34       15AB
__initialization              cinit        000F
__lights                      bssCOMMON    007A
__pbssCOMMON                  bssCOMMON    0079
__pcstackBANK0                cstackBANK0  0020
__pcstackBANK1                cstackBANK1  00A0
__pcstackCOMMON               cstackCOMMON 0070
__pdataCOMMON                 dataCOMMON   007B
__pidataCOMMON                idataCOMMON  07F9
__pintentry                   intentry     0004
__pmaintext                   maintext     085D
__pstrings                    strings      1000
__ptext1                      text1        1744
__ptext10                     text10       16A5
__ptext11                     text11       167F
__ptext12                     text12       1610
__ptext13                     text13       0AAD
__ptext14                     text14       075D
__ptext15                     text15       0021
__ptext16                     text16       171B
__ptext17                     text17       0580
__ptext18                     text18       0D78
__ptext19                     text19       09F7
__ptext2                      text2        1640
__ptext20                     text20       15FE
__ptext21                     text21       15F0
__ptext22                     text22       16CB
__ptext23                     text23       0802
__ptext24                     text24       098E
__ptext25                     text25       1626
__ptext26                     text26       15BF
__ptext27                     text27       16F2
__ptext28                     text28       15B5
__ptext29                     text29       15AB
__ptext3                      text3        176D
__ptext30                     text30       1598
__ptext31                     text31       15D6
__ptext32                     text32       165C
__ptext33                     text33       1799
__ptext34                     text34       15A1
__ptext35                     text35       158F
__ptext36                     text36       1586
__ptext37                     text37       15C9
__ptext4                      text4        08C0
__ptext5                      text5        0B69
__ptext6                      text6        17C6
__ptext7                      text7        0926
__ptext8                      text8        15E3
__ptext9                      text9        0C4C
__rx_data                     bssCOMMON    0079
__size_of_BAUDSelect          (abs)        0000
__size_of_I2C_ACK             (abs)        0000
__size_of_I2C_Master_Init     (abs)        0000
__size_of_I2C_Master_Start    (abs)        0000
__size_of_I2C_Master_Stop     (abs)        0000
__size_of_I2C_Master_Wait     (abs)        0000
__size_of_I2C_Master_Write    (abs)        0000
__size_of_I2C_NACK            (abs)        0000
__size_of_I2C_Read            (abs)        0000
__size_of_I2C_Start           (abs)        0000
__size_of_I2C_Write           (abs)        0000
__size_of_MPU6050_Init        (abs)        0000
__size_of_MPU6050_Read        (abs)        0000
__size_of_Temp_Conversion     (abs)        0000
__size_of__Umul8_16           (abs)        0000
__size_of___awdiv             (abs)        0000
__size_of___awmod             (abs)        0000
__size_of___fladd             (abs)        0000
__size_of___fldiv             (abs)        0000
__size_of___flmul             (abs)        0000
__size_of___fltol             (abs)        0000
__size_of___lldiv             (abs)        0000
__size_of___wmul              (abs)        0000
__size_of___xxtofl            (abs)        0000
__size_of_clearLCD            (abs)        0000
__size_of_initLCD             (abs)        0000
__size_of_initUART            (abs)        0000
__size_of_isr                 (abs)        0000
__size_of_main                (abs)        0000
__size_of_setCmd              (abs)        0000
__size_of_setCursor           (abs)        0000
__size_of_setup               (abs)        0000
__size_of_txfunc              (abs)        0000
__size_of_writeChar           (abs)        0000
__size_of_writeString         (abs)        0000
__size_ofi1_I2C_Master_Stop   (abs)        0000
__size_ofi1_I2C_Master_Wait   (abs)        0000
__size_ofi1_I2C_Master_Write  (abs)        0000
__stringbase                  strings      1005
__stringtab                   strings      1000
_clearLCD                     text8        15E3
_initLCD                      text4        08C0
_initUART                     text2        1640
_isr                          text32       165C
_main                         maintext     085D
_setCmd                       text12       1610
_setCursor                    text11       167F
_setup                        text1        1744
_txfunc                       text21       15F0
_writeChar                    text20       15FE
_writeString                  text10       16A5
btemp                         (abs)        007E
end_of_initialization         cinit        001D
i1I2C_Master_Write@d          cstackCOMMON 0070
i1_I2C_Master_Stop            text35       158F
i1_I2C_Master_Wait            text37       15C9
i1_I2C_Master_Write           text34       15A1
initUART@freq                 cstackBANK0  0023
interrupt_function            intentry     0004
intlevel0                     functab      0000
intlevel1                     functab      0000
intlevel2                     functab      0000
intlevel3                     functab      0000
intlevel4                     functab      0000
intlevel5                     functab      0000
reset_vec                     reset_vec    0000
saved_w                       (abs)        007E
setCmd@a                      cstackBANK0  0022
setCursor@a                   cstackBANK0  0026
setCursor@x                   cstackBANK0  0025
setCursor@y                   cstackBANK0  0023
start                         init         000C
start_initialization          cinit        000F
txfunc@data                   cstackBANK0  0020
writeChar@a                   cstackBANK0  0021
writeString@a                 cstackBANK0  0024
writeString@i                 cstackBANK0  0023
wtemp0                        (abs)        007E


MODULE INFORMATION

Module		Function		Class		Link	Load	Size
D:/UVG-IngenieriaElectronica/5to-Semestre/Electronica-Digital-2/mini-02/master.X/_UART.c
		_BAUDSelect    		CODE           	176D	0000	44
		_txfunc        		CODE           	15F0	0000	14
		_initUART      		CODE           	1640	0000	28

D:/UVG-IngenieriaElectronica/5to-Semestre/Electronica-Digital-2/mini-02/master.X/_UART.c estimated size: 86

C:\Program Files\Microchip\xc8\v2.32\pic\sources\c90\common\sprcadd.c
		___fladd       		CODE           	0D78	0000	648

C:\Program Files\Microchip\xc8\v2.32\pic\sources\c90\common\sprcadd.c estimated size: 648

D:/UVG-IngenieriaElectronica/5to-Semestre/Electronica-Digital-2/mini-02/master.X/_LCD.c
		_writeString   		CODE           	16A5	0000	38
		_writeChar     		CODE           	15FE	0000	18
		_setCmd        		CODE           	1610	0000	22
		_setCursor     		CODE           	167F	0000	38
		_initLCD       		CODE           	08C0	0000	102
		_clearLCD      		CODE           	15E3	0000	13

D:/UVG-IngenieriaElectronica/5to-Semestre/Electronica-Digital-2/mini-02/master.X/_LCD.c estimated size: 231

C:\Program Files\Microchip\xc8\v2.32\pic\sources\c90\common\xxtofl.c
		___xxtofl      		CODE           	0AAD	0000	188

C:\Program Files\Microchip\xc8\v2.32\pic\sources\c90\common\xxtofl.c estimated size: 188

C:\Program Files\Microchip\xc8\v2.32\pic\sources\c90\common\Umul8_16.c
		__Umul8_16     		CODE           	171B	0000	41

C:\Program Files\Microchip\xc8\v2.32\pic\sources\c90\common\Umul8_16.c estimated size: 41

C:\Program Files\Microchip\xc8\v2.32\pic\sources\c90\common\awmod.c
		___awmod       		CODE           	0802	0000	91

C:\Program Files\Microchip\xc8\v2.32\pic\sources\c90\common\awmod.c estimated size: 91

D:/UVG-IngenieriaElectronica/5to-Semestre/Electronica-Digital-2/mini-02/master.X/_I2C.c
		_I2C_Master_Wait		CODE           	15D6	0000	13
		_I2C_Master_Init		CODE           	17C6	0000	58
		_I2C_Master_Stop		CODE           	1598	0000	9
		_I2C_Read      		CODE           	16F2	0000	41
		_I2C_ACK       		CODE           	15AB	0000	10
		_I2C_Master_Write		CODE           	15BF	0000	10
		_I2C_NACK      		CODE           	15B5	0000	10
		_I2C_Start     		CODE           	1626	0000	26
		_I2C_Master_Start		CODE           	1586	0000	9

D:/UVG-IngenieriaElectronica/5to-Semestre/Electronica-Digital-2/mini-02/master.X/_I2C.c estimated size: 186

D:/UVG-IngenieriaElectronica/5to-Semestre/Electronica-Digital-2/mini-02/master.X/master.c
		_main          		CODE           	085D	0000	99
		_I2C_Write     		CODE           	1799	0000	45
		_isr           		CODE           	165C	0000	35
		_setup         		CODE           	1744	0000	41

D:/UVG-IngenieriaElectronica/5to-Semestre/Electronica-Digital-2/mini-02/master.X/master.c estimated size: 220

shared
		__stringtab    		STRING         	1000	0000	6
		__initialization		CODE           	000F	0000	14
		i1_I2C_Master_Wait		CODE           	15C9	0000	13
		i1_I2C_Master_Stop		CODE           	158F	0000	9
		i1_I2C_Master_Write		CODE           	15A1	0000	10

shared estimated size: 52

D:/UVG-IngenieriaElectronica/5to-Semestre/Electronica-Digital-2/mini-02/master.X/_MPU6050.c
		_MPU6050_Read  		CODE           	0C4C	0000	300
		_MPU6050_Init  		CODE           	0B69	0000	227
		_Temp_Conversion		CODE           	09F7	0000	182

D:/UVG-IngenieriaElectronica/5to-Semestre/Electronica-Digital-2/mini-02/master.X/_MPU6050.c estimated size: 709

C:\Program Files\Microchip\xc8\v2.32\pic\sources\c90\common\sprcmul.c
		___flmul       		CODE           	0021	0000	1375

C:\Program Files\Microchip\xc8\v2.32\pic\sources\c90\common\sprcmul.c estimated size: 1375

C:\Program Files\Microchip\xc8\v2.32\pic\sources\c90\common\sprcdiv.c
		___fldiv       		CODE           	0580	0000	477

C:\Program Files\Microchip\xc8\v2.32\pic\sources\c90\common\sprcdiv.c estimated size: 477

C:\Program Files\Microchip\xc8\v2.32\pic\sources\c90\common\awdiv.c
		___awdiv       		CODE           	098E	0000	105

C:\Program Files\Microchip\xc8\v2.32\pic\sources\c90\common\awdiv.c estimated size: 105

C:\Program Files\Microchip\xc8\v2.32\pic\sources\c90\common\Umul16.c
		___wmul        		CODE           	16CB	0000	39

C:\Program Files\Microchip\xc8\v2.32\pic\sources\c90\common\Umul16.c estimated size: 39

C:\Program Files\Microchip\xc8\v2.32\pic\sources\c90\common\fltol.c
		___fltol       		CODE           	075D	0000	156

C:\Program Files\Microchip\xc8\v2.32\pic\sources\c90\common\fltol.c estimated size: 156

C:\Program Files\Microchip\xc8\v2.32\pic\sources\c90\common\__lldiv.c
		___lldiv       		CODE           	0926	0000	104

C:\Program Files\Microchip\xc8\v2.32\pic\sources\c90\common\__lldiv.c estimated size: 104

