******************************************************************************
                  TI ARM Linker PC v20.2.6                     
******************************************************************************
>> Linked Thu May 12 12:21:55 2022

OUTPUT FILE NAME:   <lab-05.out>
ENTRY POINT SYMBOL: "_c_int00_noargs"  address: 00000789


MEMORY CONFIGURATION

         name            origin    length      used     unused   attr    fill
----------------------  --------  ---------  --------  --------  ----  --------
  FLASH                 00000000   00040000  00000898  0003f768  R  X
  SRAM                  20000000   00008000  00000205  00007dfb  RW X


SEGMENT ALLOCATION MAP

run origin  load origin   length   init length attrs members
----------  ----------- ---------- ----------- ----- -------
00000000    00000000    00000898   00000898    r-x
  00000000    00000000    0000026c   0000026c    r-- .intvecs
  0000026c    0000026c    00000614   00000614    r-x .text
  00000880    00000880    00000018   00000018    r-- .cinit
20000000    20000000    00000205   00000000    rw-
  20000000    20000000    00000200   00000000    rw- .stack
  20000200    20000200    00000005   00000000    rw- .data


SECTION ALLOCATION MAP

 output                                  attributes/
section   page    origin      length       input sections
--------  ----  ----------  ----------   ----------------
.intvecs   0    00000000    0000026c     
                  00000000    0000026c     tm4c123gh6pm_startup_ccs.obj (.intvecs)

.text      0    0000026c    00000614     
                  0000026c    00000140     main.obj (.text)
                  000003ac    00000132     driverlib.lib : gpio.obj (.text:GPIOPadConfigSet)
                  000004de    00000002     --HOLE-- [fill = 0]
                  000004e0    000000f4                   : sysctl.obj (.text:SysCtlClockSet)
                  000005d4    0000009c     rtsv7M4_T_le_v4SPD16_eabi.lib : memcpy_t2.asm.obj (.text)
                  00000670    00000068                                   : copy_decompress_lzss.c.obj (.text:decompress:lzss:__TI_decompress_lzss)
                  000006d8    00000044                                   : autoinit.c.obj (.text:__TI_auto_init_nobinit_nopinit:__TI_auto_init_nobinit_nopinit)
                  0000071c    00000038     driverlib.lib : sysctl.obj (.text:SysCtlPeripheralReady)
                  00000754    00000034                   : sysctl.obj (.text:SysCtlPeripheralEnable)
                  00000788    00000034     rtsv7M4_T_le_v4SPD16_eabi.lib : boot_cortex_m.c.obj (.text:_c_int00_noargs:_c_int00_noargs)
                  000007bc    0000002a     driverlib.lib : gpio.obj (.text:GPIODirModeSet)
                  000007e6    00000018                   : gpio.obj (.text:GPIOPinTypeGPIOOutput)
                  000007fe    00000002     --HOLE-- [fill = 0]
                  00000800    00000014                   : systick.obj (.text:SysTickDisable)
                  00000814    00000014                   : systick.obj (.text:SysTickEnable)
                  00000828    00000012                   : gpio.obj (.text:GPIOPinTypeGPIOInput)
                  0000083a    00000002     --HOLE-- [fill = 0]
                  0000083c    00000010                   : systick.obj (.text:SysTickPeriodSet)
                  0000084c    0000000e     rtsv7M4_T_le_v4SPD16_eabi.lib : copy_decompress_none.c.obj (.text:decompress:none:__TI_decompress_none)
                  0000085a    0000000c     tm4c123gh6pm_startup_ccs.obj (.text)
                  00000866    00000006     driverlib.lib : gpio.obj (.text:GPIOPinRead)
                  0000086c    00000006                   : gpio.obj (.text:GPIOPinWrite)
                  00000872    00000006                   : sysctl.obj (.text:SysCtlDelay)
                  00000878    00000004     rtsv7M4_T_le_v4SPD16_eabi.lib : pre_init.c.obj (.text:_system_pre_init)
                  0000087c    00000004                                   : exit.c.obj (.text:abort:abort)

.cinit     0    00000880    00000018     
                  00000880    00000008     (__TI_handler_table)
                  00000888    00000007     (.cinit..data.load) [load image, compression = lzss]
                  0000088f    00000001     --HOLE-- [fill = 0]
                  00000890    00000008     (__TI_cinit_table)

.init_array 
*          0    00000000    00000000     UNINITIALIZED

.data      0    20000200    00000005     UNINITIALIZED
                  20000200    00000005     main.obj (.data)

.stack     0    20000000    00000200     UNINITIALIZED
                  20000000    00000004     rtsv7M4_T_le_v4SPD16_eabi.lib : boot_cortex_m.c.obj (.stack)
                  20000004    000001fc     --HOLE--

__llvm_prf_cnts 
*          0    20000000    00000000     UNINITIALIZED

MODULE SUMMARY

       Module                         code   ro data   rw data
       ------                         ----   -------   -------
    .\
       tm4c123gh6pm_startup_ccs.obj   12     620       0      
       main.obj                       320    0         5      
    +--+------------------------------+------+---------+---------+
       Total:                         332    620       5      
                                                              
    C:/ti/TivaWare_C_Series-2.1.4.178/driverlib/ccs/Debug/driverlib.lib
       gpio.obj                       402    0         0      
       sysctl.obj                     358    0         0      
       systick.obj                    56     0         0      
    +--+------------------------------+------+---------+---------+
       Total:                         816    0         0      
                                                              
    C:\ti\ccs1120\ccs\tools\compiler\ti-cgt-arm_20.2.6.LTS\lib\rtsv7M4_T_le_v4SPD16_eabi.lib
       memcpy_t2.asm.obj              156    0         0      
       copy_decompress_lzss.c.obj     104    0         0      
       autoinit.c.obj                 68     0         0      
       boot_cortex_m.c.obj            52     0         0      
       copy_decompress_none.c.obj     14     0         0      
       exit.c.obj                     4      0         0      
       pre_init.c.obj                 4      0         0      
    +--+------------------------------+------+---------+---------+
       Total:                         402    0         0      
                                                              
       Stack:                         0      0         512    
       Linker Generated:              0      23        0      
    +--+------------------------------+------+---------+---------+
       Grand Total:                   1550   643       517    


LINKER GENERATED COPY TABLES

__TI_cinit_table @ 00000890 records: 1, size/record: 8, table size: 8
	.data: load addr=00000888, load size=00000007 bytes, run addr=20000200, run size=00000005 bytes, compression=lzss


LINKER GENERATED HANDLER TABLE

__TI_handler_table @ 00000880 records: 2, size/record: 4, table size: 8
	index: 0, handler: __TI_decompress_lzss
	index: 1, handler: __TI_decompress_none


GLOBAL SYMBOLS: SORTED ALPHABETICALLY BY Name 

address   name                          
-------   ----                          
0000087d  C$$EXIT                       
000007bd  GPIODirModeSet                
000003ad  GPIOPadConfigSet              
00000867  GPIOPinRead                   
00000829  GPIOPinTypeGPIOInput          
000007e7  GPIOPinTypeGPIOOutput         
0000086d  GPIOPinWrite                  
0000085b  ResetISR                      
000004e1  SysCtlClockSet                
00000873  SysCtlDelay                   
00000755  SysCtlPeripheralEnable        
0000071d  SysCtlPeripheralReady         
00000801  SysTickDisable                
00000815  SysTickEnable                 
0000083d  SysTickPeriodSet              
20000200  __STACK_END                   
00000200  __STACK_SIZE                  
20000200  __STACK_TOP                   
00000890  __TI_CINIT_Base               
00000898  __TI_CINIT_Limit              
00000880  __TI_Handler_Table_Base       
00000888  __TI_Handler_Table_Limit      
000006d9  __TI_auto_init_nobinit_nopinit
00000671  __TI_decompress_lzss          
0000084d  __TI_decompress_none          
ffffffff  __TI_pprof_out_hndl           
ffffffff  __TI_prof_data_size           
ffffffff  __TI_prof_data_start          
00000000  __TI_static_base__            
000005d5  __aeabi_memcpy                
000005d5  __aeabi_memcpy4               
000005d5  __aeabi_memcpy8               
ffffffff  __binit__                     
ffffffff  __c_args__                    
UNDEFED   __mpu_init                    
20000000  __stack                       
20000000  __start___llvm_prf_cnts       
20000000  __stop___llvm_prf_cnts        
00000789  _c_int00_noargs               
UNDEFED   _system_post_cinit            
00000879  _system_pre_init              
0000087d  abort                         
ffffffff  binit                         
000002db  colorChange                   
0000034b  delay                         
00000377  delay1ms                      
00000000  g_pfnVectors                  
20000200  i                             
0000026d  main                          
000005d5  memcpy                        
20000204  push_deb                      


GLOBAL SYMBOLS: SORTED BY Symbol Address 

address   name                          
-------   ----                          
00000000  __TI_static_base__            
00000000  g_pfnVectors                  
00000200  __STACK_SIZE                  
0000026d  main                          
000002db  colorChange                   
0000034b  delay                         
00000377  delay1ms                      
000003ad  GPIOPadConfigSet              
000004e1  SysCtlClockSet                
000005d5  __aeabi_memcpy                
000005d5  __aeabi_memcpy4               
000005d5  __aeabi_memcpy8               
000005d5  memcpy                        
00000671  __TI_decompress_lzss          
000006d9  __TI_auto_init_nobinit_nopinit
0000071d  SysCtlPeripheralReady         
00000755  SysCtlPeripheralEnable        
00000789  _c_int00_noargs               
000007bd  GPIODirModeSet                
000007e7  GPIOPinTypeGPIOOutput         
00000801  SysTickDisable                
00000815  SysTickEnable                 
00000829  GPIOPinTypeGPIOInput          
0000083d  SysTickPeriodSet              
0000084d  __TI_decompress_none          
0000085b  ResetISR                      
00000867  GPIOPinRead                   
0000086d  GPIOPinWrite                  
00000873  SysCtlDelay                   
00000879  _system_pre_init              
0000087d  C$$EXIT                       
0000087d  abort                         
00000880  __TI_Handler_Table_Base       
00000888  __TI_Handler_Table_Limit      
00000890  __TI_CINIT_Base               
00000898  __TI_CINIT_Limit              
20000000  __stack                       
20000000  __start___llvm_prf_cnts       
20000000  __stop___llvm_prf_cnts        
20000200  __STACK_END                   
20000200  __STACK_TOP                   
20000200  i                             
20000204  push_deb                      
ffffffff  __TI_pprof_out_hndl           
ffffffff  __TI_prof_data_size           
ffffffff  __TI_prof_data_start          
ffffffff  __binit__                     
ffffffff  __c_args__                    
ffffffff  binit                         
UNDEFED   __mpu_init                    
UNDEFED   _system_post_cinit            

[51 symbols]
