******************************************************************************
                  TI ARM Linker PC v20.2.6                     
******************************************************************************
>> Linked Tue May 17 11:27:08 2022

OUTPUT FILE NAME:   <lab-06.out>
ENTRY POINT SYMBOL: "_c_int00_noargs"  address: 0000094d


MEMORY CONFIGURATION

         name            origin    length      used     unused   attr    fill
----------------------  --------  ---------  --------  --------  ----  --------
  FLASH                 00000000   00040000  00000c52  0003f3ae  R  X
  SRAM                  20000000   00008000  00000472  00007b8e  RW X


SEGMENT ALLOCATION MAP

run origin  load origin   length   init length attrs members
----------  ----------- ---------- ----------- ----- -------
00000000    00000000    00000c54   00000c54    r-x
  00000000    00000000    0000026c   0000026c    r-- .intvecs
  0000026c    0000026c    00000866   00000866    r-x .text
  00000ad4    00000ad4    0000015c   0000015c    r-- .const
  00000c30    00000c30    00000024   00000024    r-- .cinit
20000000    20000000    00000476   00000000    rw-
  20000000    20000000    0000026c   00000000    rw- .vtable
  20000270    20000270    00000200   00000000    rw- .stack
  20000470    20000470    00000006   00000000    rw- .bss


SECTION ALLOCATION MAP

 output                                  attributes/
section   page    origin      length       input sections
--------  ----  ----------  ----------   ----------------
.intvecs   0    00000000    0000026c     
                  00000000    0000026c     tm4c123gh6pm_startup_ccs.obj (.intvecs)

.text      0    0000026c    00000866     
                  0000026c    000001ac     main.obj (.text)
                  00000418    00000132     driverlib.lib : gpio.obj (.text:GPIOPadConfigSet)
                  0000054a    00000002     --HOLE-- [fill = 0]
                  0000054c    00000110                   : sysctl.obj (.text:SysCtlClockGet)
                  0000065c    000000f4                   : sysctl.obj (.text:SysCtlClockSet)
                  00000750    00000068                   : interrupt.obj (.text:IntEnable)
                  000007b8    00000060                   : timer.obj (.text:TimerConfigure)
                  00000818    00000046                   : uart.obj (.text:UARTConfigSetExpClk)
                  0000085e    00000002     --HOLE-- [fill = 0]
                  00000860    00000044     rtsv7M4_T_le_v4SPD16_eabi.lib : autoinit.c.obj (.text:__TI_auto_init_nobinit_nopinit:__TI_auto_init_nobinit_nopinit)
                  000008a4    00000040     driverlib.lib : uart.obj (.text:_UARTIntNumberGet)
                  000008e4    00000034                   : interrupt.obj (.text:IntRegister)
                  00000918    00000034                   : sysctl.obj (.text:SysCtlPeripheralEnable)
                  0000094c    00000034     rtsv7M4_T_le_v4SPD16_eabi.lib : boot_cortex_m.c.obj (.text:_c_int00_noargs:_c_int00_noargs)
                  00000980    0000002a     driverlib.lib : gpio.obj (.text:GPIODirModeSet)
                  000009aa    00000002     --HOLE-- [fill = 0]
                  000009ac    00000020                   : uart.obj (.text:UARTDisable)
                  000009cc    0000001c     rtsv7M4_T_le_v4SPD16_eabi.lib : copy_zero_init.c.obj (.text:decompress:ZI:__TI_zero_init_nomemset:__TI_zero_init_nomemset)
                  000009e8    00000018     driverlib.lib : gpio.obj (.text:GPIOPinTypeGPIOOutput)
                  00000a00    00000018                   : uart.obj (.text:UARTIntRegister)
                  00000a18    00000014                   : uart.obj (.text:UARTEnable)
                  00000a2c    00000012                   : gpio.obj (.text:GPIOPinTypeUART)
                  00000a3e    00000012                   : timer.obj (.text:TimerLoadSet)
                  00000a50    00000010                   : interrupt.obj (.text:IntMasterEnable)
                  00000a60    0000000e                   : timer.obj (.text:TimerEnable)
                  00000a6e    0000000c                   : cpu.obj (.text:CPUcpsie)
                  00000a7a    0000000c     tm4c123gh6pm_startup_ccs.obj (.text)
                  00000a86    0000000a     driverlib.lib : uart.obj (.text:UARTCharGet)
                  00000a90    0000000a                   : uart.obj (.text:UARTCharPut)
                  00000a9a    0000000a                   : uart.obj (.text:UARTFIFOEnable)
                  00000aa4    00000008                   : timer.obj (.text:TimerIntEnable)
                  00000aac    00000008                   : uart.obj (.text:UARTIntEnable)
                  00000ab4    00000006                   : gpio.obj (.text:GPIOPinRead)
                  00000aba    00000006                   : gpio.obj (.text:GPIOPinWrite)
                  00000ac0    00000006                   : sysctl.obj (.text:SysCtlDelay)
                  00000ac6    00000004                   : timer.obj (.text:TimerIntClear)
                  00000aca    00000004     rtsv7M4_T_le_v4SPD16_eabi.lib : pre_init.c.obj (.text:_system_pre_init)
                  00000ace    00000004                                   : exit.c.obj (.text:abort:abort)

.const     0    00000ad4    0000015c     
                  00000ad4    00000070     driverlib.lib : interrupt.obj (.const)
                  00000b44    0000006c                   : sysctl.obj (.const:g_pui32Xtals)
                  00000bb0    00000040                   : uart.obj (.const:g_ppui32UARTIntMap)
                  00000bf0    00000040                   : uart.obj (.const:g_ppui32UARTIntMapSnowflake)

.cinit     0    00000c30    00000024     
                  00000c30    00000008     (.cinit..bss.load) [load image, compression = zero_init]
                  00000c38    00000008     (.cinit..vtable.load) [load image, compression = zero_init]
                  00000c40    00000004     (__TI_handler_table)
                  00000c44    00000010     (__TI_cinit_table)

.init_array 
*          0    00000000    00000000     UNINITIALIZED

.vtable    0    20000000    0000026c     UNINITIALIZED
                  20000000    0000026c     driverlib.lib : interrupt.obj (.vtable)

.bss       0    20000470    00000006     UNINITIALIZED
                  20000470    00000004     (.common:ui32Period)
                  20000474    00000001     (.common:LED)
                  20000475    00000001     (.common:UART_data)

.stack     0    20000270    00000200     UNINITIALIZED
                  20000270    00000004     rtsv7M4_T_le_v4SPD16_eabi.lib : boot_cortex_m.c.obj (.stack)
                  20000274    000001fc     --HOLE--

__llvm_prf_cnts 
*          0    20000000    00000000     UNINITIALIZED

MODULE SUMMARY

       Module                         code   ro data   rw data
       ------                         ----   -------   -------
    .\
       tm4c123gh6pm_startup_ccs.obj   12     620       0      
       main.obj                       428    0         6      
    +--+------------------------------+------+---------+---------+
       Total:                         440    620       6      
                                                              
    C:/ti/TivaWare_C_Series-2.1.4.178/driverlib/ccs/Debug/driverlib.lib
       interrupt.obj                  172    112       620    
       sysctl.obj                     574    108       0      
       gpio.obj                       402    0         0      
       uart.obj                       248    128       0      
       timer.obj                      140    0         0      
       cpu.obj                        12     0         0      
    +--+------------------------------+------+---------+---------+
       Total:                         1548   348       620    
                                                              
    C:\ti\ccs1120\ccs\tools\compiler\ti-cgt-arm_20.2.6.LTS\lib\rtsv7M4_T_le_v4SPD16_eabi.lib
       autoinit.c.obj                 68     0         0      
       boot_cortex_m.c.obj            52     0         0      
       copy_zero_init.c.obj           28     0         0      
       exit.c.obj                     4      0         0      
       pre_init.c.obj                 4      0         0      
    +--+------------------------------+------+---------+---------+
       Total:                         156    0         0      
                                                              
       Stack:                         0      0         512    
       Linker Generated:              0      36        0      
    +--+------------------------------+------+---------+---------+
       Grand Total:                   2144   1004      1138   


LINKER GENERATED COPY TABLES

__TI_cinit_table @ 00000c44 records: 2, size/record: 8, table size: 16
	.bss: load addr=00000c30, load size=00000008 bytes, run addr=20000470, run size=00000006 bytes, compression=zero_init
	.vtable: load addr=00000c38, load size=00000008 bytes, run addr=20000000, run size=0000026c bytes, compression=zero_init


LINKER GENERATED HANDLER TABLE

__TI_handler_table @ 00000c40 records: 1, size/record: 4, table size: 4
	index: 0, handler: __TI_zero_init


GLOBAL SYMBOLS: SORTED ALPHABETICALLY BY Name 

address   name                          
-------   ----                          
00000acf  C$$EXIT                       
00000a6f  CPUcpsie                      
00000981  GPIODirModeSet                
00000419  GPIOPadConfigSet              
00000ab5  GPIOPinRead                   
000009e9  GPIOPinTypeGPIOOutput         
00000a2d  GPIOPinTypeUART               
00000abb  GPIOPinWrite                  
00000751  IntEnable                     
00000a51  IntMasterEnable               
000008e5  IntRegister                   
20000474  LED                           
00000a7b  ResetISR                      
0000054d  SysCtlClockGet                
0000065d  SysCtlClockSet                
00000ac1  SysCtlDelay                   
00000919  SysCtlPeripheralEnable        
00000313  Timer0IntHandler              
000007b9  TimerConfigure                
00000a61  TimerEnable                   
00000ac7  TimerIntClear                 
00000aa5  TimerIntEnable                
00000a3f  TimerLoadSet                  
00000341  UART0IntHandler               
00000a87  UARTCharGet                   
00000a91  UARTCharPut                   
00000819  UARTConfigSetExpClk           
000009ad  UARTDisable                   
00000a19  UARTEnable                    
00000a9b  UARTFIFOEnable                
00000aad  UARTIntEnable                 
00000a01  UARTIntRegister               
000003a3  UARTStringPut                 
20000475  UART_data                     
20000470  __STACK_END                   
00000200  __STACK_SIZE                  
20000470  __STACK_TOP                   
00000c44  __TI_CINIT_Base               
00000c54  __TI_CINIT_Limit              
00000c40  __TI_Handler_Table_Base       
00000c44  __TI_Handler_Table_Limit      
00000861  __TI_auto_init_nobinit_nopinit
ffffffff  __TI_pprof_out_hndl           
ffffffff  __TI_prof_data_size           
ffffffff  __TI_prof_data_start          
00000000  __TI_static_base__            
000009cd  __TI_zero_init_nomemset       
ffffffff  __binit__                     
ffffffff  __c_args__                    
UNDEFED   __mpu_init                    
20000270  __stack                       
20000000  __start___llvm_prf_cnts       
20000000  __stop___llvm_prf_cnts        
0000094d  _c_int00_noargs               
UNDEFED   _system_post_cinit            
00000acb  _system_pre_init              
00000acf  abort                         
ffffffff  binit                         
20000000  g_pfnRAMVectors               
00000000  g_pfnVectors                  
0000026d  main                          
20000470  ui32Period                    


GLOBAL SYMBOLS: SORTED BY Symbol Address 

address   name                          
-------   ----                          
00000000  __TI_static_base__            
00000000  g_pfnVectors                  
00000200  __STACK_SIZE                  
0000026d  main                          
00000313  Timer0IntHandler              
00000341  UART0IntHandler               
000003a3  UARTStringPut                 
00000419  GPIOPadConfigSet              
0000054d  SysCtlClockGet                
0000065d  SysCtlClockSet                
00000751  IntEnable                     
000007b9  TimerConfigure                
00000819  UARTConfigSetExpClk           
00000861  __TI_auto_init_nobinit_nopinit
000008e5  IntRegister                   
00000919  SysCtlPeripheralEnable        
0000094d  _c_int00_noargs               
00000981  GPIODirModeSet                
000009ad  UARTDisable                   
000009cd  __TI_zero_init_nomemset       
000009e9  GPIOPinTypeGPIOOutput         
00000a01  UARTIntRegister               
00000a19  UARTEnable                    
00000a2d  GPIOPinTypeUART               
00000a3f  TimerLoadSet                  
00000a51  IntMasterEnable               
00000a61  TimerEnable                   
00000a6f  CPUcpsie                      
00000a7b  ResetISR                      
00000a87  UARTCharGet                   
00000a91  UARTCharPut                   
00000a9b  UARTFIFOEnable                
00000aa5  TimerIntEnable                
00000aad  UARTIntEnable                 
00000ab5  GPIOPinRead                   
00000abb  GPIOPinWrite                  
00000ac1  SysCtlDelay                   
00000ac7  TimerIntClear                 
00000acb  _system_pre_init              
00000acf  C$$EXIT                       
00000acf  abort                         
00000c40  __TI_Handler_Table_Base       
00000c44  __TI_CINIT_Base               
00000c44  __TI_Handler_Table_Limit      
00000c54  __TI_CINIT_Limit              
20000000  __start___llvm_prf_cnts       
20000000  __stop___llvm_prf_cnts        
20000000  g_pfnRAMVectors               
20000270  __stack                       
20000470  __STACK_END                   
20000470  __STACK_TOP                   
20000470  ui32Period                    
20000474  LED                           
20000475  UART_data                     
ffffffff  __TI_pprof_out_hndl           
ffffffff  __TI_prof_data_size           
ffffffff  __TI_prof_data_start          
ffffffff  __binit__                     
ffffffff  __c_args__                    
ffffffff  binit                         
UNDEFED   __mpu_init                    
UNDEFED   _system_post_cinit            

[62 symbols]
